src/components/ui/database-with-rest-api.tsx(3,1): error TS6133: 'React' is declared but its value is never read.
